
R version 4.4.1 (2024-06-14 ucrt) -- "Race for Your Life"
Copyright (C) 2024 The R Foundation for Statistical Computing
Platform: x86_64-w64-mingw32/x64

R is free software and comes with ABSOLUTELY NO WARRANTY.
You are welcome to redistribute it under certain conditions.
Type 'license()' or 'licence()' for distribution details.

R is a collaborative project with many contributors.
Type 'contributors()' for more information and
'citation()' on how to cite R or R packages in publications.

Type 'demo()' for some demos, 'help()' for on-line help, or
'help.start()' for an HTML browser interface to help.
Type 'q()' to quit R.

[Previously saved workspace restored]

> library(bnlearn)
Error in library(bnlearn) : there is no package called ‘bnlearn’
> > grades <- c("АА", "АВ", "ВВ", "вС", "CC", "CD", "DD", "F")
Error: unexpected '>' in ">"
> > course.grades<-read. table("Downloads/2020_bn_nb_data.txt", head=TRUE)
Error: unexpected '>' in ">"
> > course.grades.net<-hc(course.grades, score = "k2")
Error: unexpected '>' in ">"
> > plot(course.grades.net)
Error: unexpected '>' in ">"
> install.packages("bnlearn")
--- Please select a CRAN mirror for use in this session ---
trying URL 'https://cran.icts.res.in/bin/windows/contrib/4.4/bnlearn_5.0.1.zip'
Content type 'application/zip' length 2611711 bytes (2.5 MB)
downloaded 2.5 MB

package ‘bnlearn’ successfully unpacked and MD5 sums checked

The downloaded binary packages are in
        C:\Users\Abhi Patel\AppData\Local\Temp\RtmpKEyuUB\downloaded_packages
> library(bnlearn)> grades <- c("АА", "АВ", "ВВ", "BС", "CC", "CD", "DD", "F")> course.grades<-read. table(r"C:\Users\Abhi Patel\Downloads\2020_bn_nb_data.txt")> course.grades.net<-hc(course.grades, score = "k2")> plot(course.grades.net)
Error: unexpected symbol in "library(bnlearn)> grades <- c("АА", "АВ", "ВВ", "BС", "CC", "CD", "DD", "F")> course.grades<-read. table"
> 
> 
> 
> 
> 
> 
> 
> 
> 
> 
> 
> 
> 
> 
> 
> 
> 
> 
> 
> 
> 
> 
> 
> 
> 
> 
> 
> 
> 
> 
> 
> library(bnlearn)
> grades <- c("AA", "AB", "BB", "BC", "CC", "CD", "DD", "F")
> course.grades <- read.table(r"C:\Users\Abhi Patel\Downloads\2020_bn_nb_data.txt",header = TRUE, sep = "\t")
Error: malformed raw string literal (<input>:1:31)
> header = TRUE, sep = "\t"

> 
> 
> course.grades <- read.table(r"C:\Users\Abhi Patel\Downloads\2020_bn_nb_data.txt",header = TRUE, sep = "\t")
Error: malformed raw string literal (<input>:1:31)
> # Load the bnlearn package
> library(bnlearn)
> 
> # Define the grades vector (ensure the correct characters are used)
> grades <- c("AA", "AB", "BB", "BC", "CC", "CD", "DD", "F")
> 
> # Read the dataset into a data frame from the specified path
> course.grades <- read.table("C:/Users/Abhi Patel/Downloads/2020_bn_nb_data.txt", header = TRUE, sep = "\t")
> 
> # Learn the structure of the Bayesian network using the Hill Climbing algorithm with K2 score
> course.grades.net <- hc(course.grades, score = "k2")
Error in data.type(x) : 
  variable EC100 is not supported in bnlearn (type: character).
> 
> # Plot the Bayesian network
> plot(course.grades.net)
Error: object 'course.grades.net' not found
> 
> 
> 
> 
> 
> 
> # Load the bnlearn package
> library(bnlearn)
> 
> # Define the grades vector (ensure the correct characters are used)
> grades <- c("AA", "AB", "BB", "BC", "CC", "CD", "DD", "F")
> 
> # Read the dataset into a data frame from the specified path
> course.grades <- read.table("C:/Users/Abhi Patel/Downloads/2020_bn_nb_data.txt", header = TRUE, sep = "\t")
> 
> # Convert character columns to factors
> course.grades[] <- lapply(course.grades, function(x) {
+   if (is.character(x)) {
+     as.factor(x)  # Convert to factor if the column is character
+   } else {
+     x  # Leave it as is if not character
+   }
+ })
> 
> # Learn the structure of the Bayesian network using the Hill Climbing algorithm with K2 score
> course.grades.net <- hc(course.grades, score = "k2")
> 
> # Plot the Bayesian network
> plot(course.grades.net)
> 
> 
> 
> 
> 
> 
> 
> 
> 
> 
> 
> 
> 
> 
> 
> library(bnlearn)
> 
> 

> grades <- c("AA", "AB", "BB", "BC", "CC", "CD", "DD", "F")
> course.grades <- read.table("C:/Users/Abhi Patel/Downloads/2020_bn_nb_data.txt", header=TRUE)
> course.grades.net <- hc(course.grades, score = "k2")
Error in data.type(x) : 
  variable EC100 is not supported in bnlearn (type: character).
> course.grades[] <- lapply(course.grades, function(x) {
+   if (is.character(x)) {
+     return(as.factor(x))
+   } else {
+     return(x)
+   }
+ })
> course.grades.net <- hc(course.grades, score = "k2")
> plot(course.grades.net)
> course.grades.bn.fit <- bn.fit(course.grades.net, course.grades)
> print(course.grades.bn.fit)

  Bayesian network parameters

  Parameters of node EC100 (multinomial distribution)

Conditional probability table:
 
     MA101
EC100         AA         AB         BB         BC         CC         CD         DD          F
   AA 0.75000000 0.07692308 0.03846154 0.01851852 0.00000000 0.00000000 0.00000000 0.00000000
   AB 0.00000000 0.46153846 0.25000000 0.05555556 0.00000000 0.00000000 0.00000000 0.00000000
   BB 0.25000000 0.23076923 0.32692308 0.22222222 0.04081633 0.00000000 0.00000000 0.00000000
   BC 0.00000000 0.15384615 0.28846154 0.27777778 0.32653061 0.00000000 0.00000000 0.00000000
   CC 0.00000000 0.07692308 0.09615385 0.24074074 0.32653061 0.04166667 0.00000000 0.00000000
   CD 0.00000000 0.00000000 0.00000000 0.12962963 0.26530612 0.33333333 0.04761905 0.00000000
   DD 0.00000000 0.00000000 0.00000000 0.03703704 0.04081633 0.50000000 0.19047619 0.00000000
   F  0.00000000 0.00000000 0.00000000 0.01851852 0.00000000 0.12500000 0.76190476 1.00000000

  Parameters of node EC160 (multinomial distribution)

Conditional probability table:
 
     QP
EC160          n          y
   AA 0.00000000 0.07500000
   AB 0.00000000 0.10000000
   BB 0.01388889 0.18750000
   BC 0.01388889 0.36250000
   CC 0.15277778 0.22500000
   CD 0.44444444 0.03125000
   DD 0.26388889 0.01875000
   F  0.11111111 0.00000000

  Parameters of node IT101 (multinomial distribution)

Conditional probability table:
 
     QP
IT101          n          y
   AA 0.00000000 0.07500000
   AB 0.00000000 0.15625000
   BB 0.04166667 0.19375000
   BC 0.02777778 0.29375000
   CC 0.13888889 0.20000000
   CD 0.30555556 0.08125000
   DD 0.31944444 0.00000000
   F  0.16666667 0.00000000

  Parameters of node IT161 (multinomial distribution)

Conditional probability table:
 
     IT101
IT161         AA         AB         BB         BC         CC         CD         DD          F
   AA 0.58333333 0.24000000 0.14705882 0.04081633 0.00000000 0.00000000 0.00000000 0.00000000
   AB 0.16666667 0.40000000 0.29411765 0.02040816 0.04761905 0.00000000 0.00000000 0.00000000
   BB 0.16666667 0.24000000 0.32352941 0.20408163 0.11904762 0.02857143 0.00000000 0.00000000
   BC 0.08333333 0.04000000 0.20588235 0.36734694 0.38095238 0.17142857 0.00000000 0.00000000
   CC 0.00000000 0.04000000 0.00000000 0.24489796 0.33333333 0.31428571 0.08695652 0.16666667
   CD 0.00000000 0.04000000 0.02941176 0.10204082 0.09523810 0.31428571 0.52173913 0.08333333
   DD 0.00000000 0.00000000 0.00000000 0.02040816 0.02380952 0.14285714 0.39130435 0.58333333
   F  0.00000000 0.00000000 0.00000000 0.00000000 0.00000000 0.02857143 0.00000000 0.16666667

  Parameters of node MA101 (multinomial distribution)

Conditional probability table:
         AA         AB         BB         BC         CC         CD         DD          F 
0.01724138 0.05603448 0.22413793 0.23275862 0.21120690 0.10344828 0.09051724 0.06465517 

  Parameters of node PH100 (multinomial distribution)

Conditional probability table:
 
     EC100
PH100         AA         AB         BB         BC         CC         CD         DD          F
   AA 0.71428571 0.40909091 0.22857143 0.08333333 0.00000000 0.00000000 0.00000000 0.00000000
   AB 0.14285714 0.31818182 0.20000000 0.18750000 0.05555556 0.00000000 0.00000000 0.00000000
   BB 0.00000000 0.18181818 0.31428571 0.29166667 0.13888889 0.03448276 0.05000000 0.00000000
   BC 0.14285714 0.04545455 0.14285714 0.22916667 0.33333333 0.13793103 0.00000000 0.00000000
   CC 0.00000000 0.04545455 0.11428571 0.18750000 0.25000000 0.41379310 0.20000000 0.02857143
   CD 0.00000000 0.00000000 0.00000000 0.02083333 0.19444444 0.31034483 0.45000000 0.11428571
   DD 0.00000000 0.00000000 0.00000000 0.00000000 0.02777778 0.10344828 0.20000000 0.45714286
   F  0.00000000 0.00000000 0.00000000 0.00000000 0.00000000 0.00000000 0.10000000 0.40000000

  Parameters of node PH160 (multinomial distribution)

Conditional probability table:
 
     QP
PH160          n          y
   AA 0.05555556 0.14375000
   AB 0.09722222 0.15625000
   BB 0.02777778 0.17500000
   BC 0.18055556 0.34375000
   CC 0.29166667 0.13750000
   CD 0.19444444 0.04375000
   DD 0.12500000 0.00000000
   F  0.02777778 0.00000000

  Parameters of node HS101 (multinomial distribution)

Conditional probability table:
 
     QP
HS101          n          y
   AA 0.00000000 0.26250000
   AB 0.00000000 0.21250000
   BB 0.05555556 0.22500000
   BC 0.12500000 0.16875000
   CC 0.18055556 0.08125000
   CD 0.19444444 0.03750000
   DD 0.37500000 0.01250000
   F  0.06944444 0.00000000

  Parameters of node QP (multinomial distribution)

Conditional probability table:
 
   EC100
QP         AA        AB        BB        BC        CC        CD        DD         F
  n 0.0000000 0.0000000 0.0000000 0.0000000 0.1388889 0.4482759 0.9500000 1.0000000
  y 1.0000000 1.0000000 1.0000000 1.0000000 0.8611111 0.5517241 0.0500000 0.0000000

> 
> 
> 
> 
> library(bnlearn)
> 
> grades <- c("AA", "AB", "BB", "BC", "CC", "CD", "DD", "F")
> 
> course.grades <- read.table("C:/Users/Abhi Patel/Downloads/2020_bn_nb_data.txt", header=TRUE)
> 
> course.grades[] <- lapply(course.grades, function(x) {
+   if (is.character(x)) {
+     return(as.factor(x))
+   } else {
+     return(x)
+   }
+ })
> 
> course.grades.net <- hc(course.grades, score = "k2")
> 
> plot(course.grades.net)
> 
> course.grades.bn.fit <- bn.fit(course.grades.net, course.grades)
> 
> prob <- 0.0
> ans <- ""
> 
> for (value in grades) {
+   p <- cpquery(course.grades.bn.fit, event = (PH100 == value),
+                evidence = (EC100 == "DD" & IT161 == "CC" & MA101 == "CD"))
+   
+   if (p > prob) {
+     prob <- p
+     ans <- value
+   }
+ }
> 
> print(ans)
[1] "CD"
> '
+ 
+ 
+ 
+ ./
+ 
Error: unexpected end of input
> 
> 
> 
> library(bnlearn)
> library(caret)
Error in library(caret) : there is no package called ‘caret’
> library(e1071)
Error in library(e1071) : there is no package called ‘e1071’
> 
> grades <- c("AA", "AB", "BB", "BC", "CC", "CD", "DD", "F")
> 
> course.grades <- read.table("C:/Users/Abhi Patel/Downloads/2020_bn_nb_data.txt", header=TRUE)
> 
> set.seed(100)
> tIndex <- createDataPartition(course.grades$QP, p=0.7, list=FALSE)
Error in createDataPartition(course.grades$QP, p = 0.7, list = FALSE) : 
  could not find function "createDataPartition"
> 
> train <- course.grades[tIndex, ]
Error: object 'tIndex' not found
> test <- course.grades[-tIndex, ]
Error: object 'tIndex' not found
> 
> nbc <- naiveBayes(QP ~ EC100 + EC160 + IT101 + IT161 + MA101 + PH100 + PH160 + HS101, data = train)
Error in naiveBayes(QP ~ EC100 + EC160 + IT101 + IT161 + MA101 + PH100 +  : 
  could not find function "naiveBayes"
> 
> printALL <- function(model) {
+   trainPred <- predict(model, newdata = train, type = "class")
+   trainTable <- table(train$QP, trainPred)
+   trainAcc <- sum(diag(trainTable)) / sum(trainTable)
+ 
+   testPred <- predict(model, newdata = test, type = "class")
+   testTable <- table(test$QP, testPred)
+   testAcc <- sum(diag(testTable)) / sum(testTable)
+ 
+   message("Accuracy")
+   print(round(cbind("Training Accuracy" = trainAcc, "Test Accuracy" = testAcc), 4))
+ }
> 
> printALL(nbc)
Error: object 'nbc' not found
> 
> 
> 
> 
> 
> install.packages("caret")
also installing the dependencies ‘listenv’, ‘parallelly’, ‘future’, ‘globals’, ‘shape’, ‘future.apply’, ‘numDeriv’, ‘progressr’, ‘SQUAREM’, ‘colorspace’, ‘diagram’, ‘lava’, ‘farver’, ‘labeling’, ‘munsell’, ‘RColorBrewer’, ‘viridisLite’, ‘tzdb’, ‘prodlim’, ‘timechange’, ‘gtable’, ‘isoband’, ‘scales’, ‘proxy’, ‘iterators’, ‘data.table’, ‘dplyr’, ‘clock’, ‘generics’, ‘gower’, ‘hardhat’, ‘ipred’, ‘lubridate’, ‘tidyr’, ‘tidyselect’, ‘timeDate’, ‘ggplot2’, ‘e1071’, ‘foreach’, ‘ModelMetrics’, ‘plyr’, ‘pROC’, ‘recipes’, ‘reshape2’

trying URL 'https://cran.icts.res.in/bin/windows/contrib/4.4/listenv_0.9.1.zip'
Content type 'application/zip' length 109531 bytes (106 KB)
downloaded 106 KB

trying URL 'https://cran.icts.res.in/bin/windows/contrib/4.4/parallelly_1.38.0.zip'
Content type 'application/zip' length 383177 bytes (374 KB)
downloaded 374 KB

trying URL 'https://cran.icts.res.in/bin/windows/contrib/4.4/future_1.34.0.zip'
Content type 'application/zip' length 690454 bytes (674 KB)
downloaded 674 KB

trying URL 'https://cran.icts.res.in/bin/windows/contrib/4.4/globals_0.16.3.zip'
Content type 'application/zip' length 109926 bytes (107 KB)
downloaded 107 KB

trying URL 'https://cran.icts.res.in/bin/windows/contrib/4.4/shape_1.4.6.1.zip'
Content type 'application/zip' length 753988 bytes (736 KB)
downloaded 736 KB

trying URL 'https://cran.icts.res.in/bin/windows/contrib/4.4/future.apply_1.11.2.zip'
Content type 'application/zip' length 160184 bytes (156 KB)
downloaded 156 KB

trying URL 'https://cran.icts.res.in/bin/windows/contrib/4.4/numDeriv_2016.8-1.1.zip'
Content type 'application/zip' length 117304 bytes (114 KB)
downloaded 114 KB

trying URL 'https://cran.icts.res.in/bin/windows/contrib/4.4/progressr_0.14.0.zip'
Content type 'application/zip' length 392436 bytes (383 KB)
downloaded 383 KB

trying URL 'https://cran.icts.res.in/bin/windows/contrib/4.4/SQUAREM_2021.1.zip'
Content type 'application/zip' length 183502 bytes (179 KB)
downloaded 179 KB

trying URL 'https://cran.icts.res.in/bin/windows/contrib/4.4/colorspace_2.1-1.zip'
Content type 'application/zip' length 2665496 bytes (2.5 MB)
downloaded 2.5 MB

trying URL 'https://cran.icts.res.in/bin/windows/contrib/4.4/diagram_1.6.5.zip'
Content type 'application/zip' length 688009 bytes (671 KB)
downloaded 671 KB

trying URL 'https://cran.icts.res.in/bin/windows/contrib/4.4/lava_1.8.0.zip'
Content type 'application/zip' length 2505608 bytes (2.4 MB)
downloaded 2.4 MB

trying URL 'https://cran.icts.res.in/bin/windows/contrib/4.4/farver_2.1.2.zip'
Content type 'application/zip' length 1519642 bytes (1.4 MB)
downloaded 1.4 MB

trying URL 'https://cran.icts.res.in/bin/windows/contrib/4.4/labeling_0.4.3.zip'
Content type 'application/zip' length 63169 bytes (61 KB)
downloaded 61 KB

trying URL 'https://cran.icts.res.in/bin/windows/contrib/4.4/munsell_0.5.1.zip'
Content type 'application/zip' length 244599 bytes (238 KB)
downloaded 238 KB

trying URL 'https://cran.icts.res.in/bin/windows/contrib/4.4/RColorBrewer_1.1-3.zip'
Content type 'application/zip' length 54471 bytes (53 KB)
downloaded 53 KB

trying URL 'https://cran.icts.res.in/bin/windows/contrib/4.4/viridisLite_0.4.2.zip'
Content type 'application/zip' length 1300836 bytes (1.2 MB)
downloaded 1.2 MB

trying URL 'https://cran.icts.res.in/bin/windows/contrib/4.4/tzdb_0.4.0.zip'
Content type 'application/zip' length 1016548 bytes (992 KB)
downloaded 992 KB

trying URL 'https://cran.icts.res.in/bin/windows/contrib/4.4/prodlim_2024.06.25.zip'
Content type 'application/zip' length 423559 bytes (413 KB)
downloaded 413 KB

trying URL 'https://cran.icts.res.in/bin/windows/contrib/4.4/timechange_0.3.0.zip'
Content type 'application/zip' length 513461 bytes (501 KB)
downloaded 501 KB

trying URL 'https://cran.icts.res.in/bin/windows/contrib/4.4/gtable_0.3.5.zip'
Content type 'application/zip' length 227408 bytes (222 KB)
downloaded 222 KB

trying URL 'https://cran.icts.res.in/bin/windows/contrib/4.4/isoband_0.2.7.zip'
Content type 'application/zip' length 1929307 bytes (1.8 MB)
downloaded 1.8 MB

trying URL 'https://cran.icts.res.in/bin/windows/contrib/4.4/scales_1.3.0.zip'
Content type 'application/zip' length 716860 bytes (700 KB)
downloaded 700 KB

trying URL 'https://cran.icts.res.in/bin/windows/contrib/4.4/proxy_0.4-27.zip'
Content type 'application/zip' length 181174 bytes (176 KB)
downloaded 176 KB

trying URL 'https://cran.icts.res.in/bin/windows/contrib/4.4/iterators_1.0.14.zip'
Content type 'application/zip' length 353393 bytes (345 KB)
downloaded 345 KB

trying URL 'https://cran.icts.res.in/bin/windows/contrib/4.4/data.table_1.16.0.zip'
Content type 'application/zip' length 2476995 bytes (2.4 MB)
downloaded 2.4 MB

trying URL 'https://cran.icts.res.in/bin/windows/contrib/4.4/dplyr_1.1.4.zip'
Content type 'application/zip' length 1583531 bytes (1.5 MB)
downloaded 1.5 MB

trying URL 'https://cran.icts.res.in/bin/windows/contrib/4.4/clock_0.7.1.zip'
Content type 'application/zip' length 2207227 bytes (2.1 MB)
downloaded 2.1 MB

trying URL 'https://cran.icts.res.in/bin/windows/contrib/4.4/generics_0.1.3.zip'
Content type 'application/zip' length 83287 bytes (81 KB)
downloaded 81 KB

trying URL 'https://cran.icts.res.in/bin/windows/contrib/4.4/gower_1.0.1.zip'
Content type 'application/zip' length 325167 bytes (317 KB)
downloaded 317 KB

trying URL 'https://cran.icts.res.in/bin/windows/contrib/4.4/hardhat_1.4.0.zip'
Content type 'application/zip' length 847975 bytes (828 KB)
downloaded 828 KB

trying URL 'https://cran.icts.res.in/bin/windows/contrib/4.4/ipred_0.9-15.zip'
Content type 'application/zip' length 391806 bytes (382 KB)
downloaded 382 KB

trying URL 'https://cran.icts.res.in/bin/windows/contrib/4.4/lubridate_1.9.3.zip'
Content type 'application/zip' length 987412 bytes (964 KB)
downloaded 964 KB

trying URL 'https://cran.icts.res.in/bin/windows/contrib/4.4/tidyr_1.3.1.zip'
Content type 'application/zip' length 1270281 bytes (1.2 MB)
downloaded 1.2 MB

trying URL 'https://cran.icts.res.in/bin/windows/contrib/4.4/tidyselect_1.2.1.zip'
Content type 'application/zip' length 228159 bytes (222 KB)
downloaded 222 KB

trying URL 'https://cran.icts.res.in/bin/windows/contrib/4.4/timeDate_4041.110.zip'
Content type 'application/zip' length 1403633 bytes (1.3 MB)
downloaded 1.3 MB

trying URL 'https://cran.icts.res.in/bin/windows/contrib/4.4/ggplot2_3.5.1.zip'
Content type 'application/zip' length 5011841 bytes (4.8 MB)
downloaded 4.3 MB

Error in download.file(url, destfile, method, mode = "wb", ...) : 
  download from 'https://cran.icts.res.in/bin/windows/contrib/4.4/ggplot2_3.5.1.zip' failed
In addition: Warning messages:
1: In download.file(url, destfile, method, mode = "wb", ...) :
  downloaded length 4527950 != reported length 5011841
2: In download.file(url, destfile, method, mode = "wb", ...) :
  URL 'https://cran.icts.res.in/bin/windows/contrib/4.4/ggplot2_3.5.1.zip': Timeout of 60 seconds was reached
Warning in download.packages(pkgs, destdir = tmpd, available = available,  :
  download of package ‘ggplot2’ failed
trying URL 'https://cran.icts.res.in/bin/windows/contrib/4.4/e1071_1.7-16.zip'
Content type 'application/zip' length 671932 bytes (656 KB)
downloaded 656 KB

trying URL 'https://cran.icts.res.in/bin/windows/contrib/4.4/foreach_1.5.2.zip'
Content type 'application/zip' length 149556 bytes (146 KB)
downloaded 146 KB

trying URL 'https://cran.icts.res.in/bin/windows/contrib/4.4/ModelMetrics_1.2.2.2.zip'
Content type 'application/zip' length 480882 bytes (469 KB)
downloaded 469 KB

trying URL 'https://cran.icts.res.in/bin/windows/contrib/4.4/plyr_1.8.9.zip'
Content type 'application/zip' length 1107717 bytes (1.1 MB)
downloaded 1.1 MB

trying URL 'https://cran.icts.res.in/bin/windows/contrib/4.4/pROC_1.18.5.zip'
Content type 'application/zip' length 1168777 bytes (1.1 MB)
downloaded 1.1 MB

trying URL 'https://cran.icts.res.in/bin/windows/contrib/4.4/recipes_1.1.0.zip'
Content type 'application/zip' length 1666375 bytes (1.6 MB)
downloaded 1.6 MB

trying URL 'https://cran.icts.res.in/bin/windows/contrib/4.4/reshape2_1.4.4.zip'
Content type 'application/zip' length 441613 bytes (431 KB)
downloaded 431 KB

trying URL 'https://cran.icts.res.in/bin/windows/contrib/4.4/caret_6.0-94.zip'
Content type 'application/zip' length 3600631 bytes (3.4 MB)
downloaded 3.4 MB

package ‘listenv’ successfully unpacked and MD5 sums checked
package ‘parallelly’ successfully unpacked and MD5 sums checked
package ‘future’ successfully unpacked and MD5 sums checked
package ‘globals’ successfully unpacked and MD5 sums checked
package ‘shape’ successfully unpacked and MD5 sums checked
package ‘future.apply’ successfully unpacked and MD5 sums checked
package ‘numDeriv’ successfully unpacked and MD5 sums checked
package ‘progressr’ successfully unpacked and MD5 sums checked
package ‘SQUAREM’ successfully unpacked and MD5 sums checked
package ‘colorspace’ successfully unpacked and MD5 sums checked
package ‘diagram’ successfully unpacked and MD5 sums checked
package ‘lava’ successfully unpacked and MD5 sums checked
package ‘farver’ successfully unpacked and MD5 sums checked
package ‘labeling’ successfully unpacked and MD5 sums checked
package ‘munsell’ successfully unpacked and MD5 sums checked
package ‘RColorBrewer’ successfully unpacked and MD5 sums checked
package ‘viridisLite’ successfully unpacked and MD5 sums checked
package ‘tzdb’ successfully unpacked and MD5 sums checked
package ‘prodlim’ successfully unpacked and MD5 sums checked
package ‘timechange’ successfully unpacked and MD5 sums checked
package ‘gtable’ successfully unpacked and MD5 sums checked
package ‘isoband’ successfully unpacked and MD5 sums checked
package ‘scales’ successfully unpacked and MD5 sums checked
package ‘proxy’ successfully unpacked and MD5 sums checked
package ‘iterators’ successfully unpacked and MD5 sums checked
package ‘data.table’ successfully unpacked and MD5 sums checked
package ‘dplyr’ successfully unpacked and MD5 sums checked
package ‘clock’ successfully unpacked and MD5 sums checked
package ‘generics’ successfully unpacked and MD5 sums checked
package ‘gower’ successfully unpacked and MD5 sums checked
package ‘hardhat’ successfully unpacked and MD5 sums checked
package ‘ipred’ successfully unpacked and MD5 sums checked
package ‘lubridate’ successfully unpacked and MD5 sums checked
package ‘tidyr’ successfully unpacked and MD5 sums checked
package ‘tidyselect’ successfully unpacked and MD5 sums checked
package ‘timeDate’ successfully unpacked and MD5 sums checked
package ‘e1071’ successfully unpacked and MD5 sums checked
package ‘foreach’ successfully unpacked and MD5 sums checked
package ‘ModelMetrics’ successfully unpacked and MD5 sums checked
package ‘plyr’ successfully unpacked and MD5 sums checked
package ‘pROC’ successfully unpacked and MD5 sums checked
package ‘recipes’ successfully unpacked and MD5 sums checked
package ‘reshape2’ successfully unpacked and MD5 sums checked
package ‘caret’ successfully unpacked and MD5 sums checked

The downloaded binary packages are in
        C:\Users\Abhi Patel\AppData\Local\Temp\RtmpKEyuUB\downloaded_packages
> install.packages("e1071")
trying URL 'https://cran.icts.res.in/bin/windows/contrib/4.4/e1071_1.7-16.zip'
Content type 'application/zip' length 671932 bytes (656 KB)
downloaded 656 KB

package ‘e1071’ successfully unpacked and MD5 sums checked

The downloaded binary packages are in
        C:\Users\Abhi Patel\AppData\Local\Temp\RtmpKEyuUB\downloaded_packages
> 
> 
> 
> library(bnlearn)
> library(caret)
Error: package ‘ggplot2’ required by ‘caret’ could not be found
> library(e1071)

Attaching package: ‘e1071’

The following object is masked from ‘package:bnlearn’:

    impute

> 
> grades <- c("AA", "AB", "BB", "BC", "CC", "CD", "DD", "F")
> 
> course.grades <- read.table("C:/Users/Abhi Patel/Downloads/2020_bn_nb_data.txt", header=TRUE)
> 
> set.seed(100)
> 
> tIndex <- createDataPartition(course.grades$QP, p=0.7, list=FALSE)
Error in createDataPartition(course.grades$QP, p = 0.7, list = FALSE) : 
  could not find function "createDataPartition"
> 
> train <- course.grades[tIndex, ]
Error: object 'tIndex' not found
> test <- course.grades[-tIndex, ]
Error: object 'tIndex' not found
> 
> nbc <- naiveBayes(QP ~ EC100 + EC160 + IT101 + IT161 + MA101 + PH100 + PH160 + HS101, data=train)
Error: object 'train' not found
> 
> printALL <- function(model) {
+   trainPred <- predict(model, newdata = train, type = "class")
+   trainTable <- table(train$QP, trainPred)
+   trainAcc <- sum(diag(trainTable)) / sum(trainTable)
+   
+   testPred <- predict(model, newdata = test, type = "class")
+   testTable <- table(test$QP, testPred)
+   testAcc <- sum(diag(testTable)) / sum(testTable)
+ 
+   message("Accuracy")
+   print(round(cbind("Training Accuracy" = trainAcc, "Test Accuracy" = testAcc), 4))
+ }
> 
> printALL(nbc)
Error: object 'nbc' not found
> 
> 
> 
> 
> 
> library(bnlearn)
> library(caret)
Error: package ‘ggplot2’ required by ‘caret’ could not be found
> 
> 
> install.packages("ggplot2")
trying URL 'https://cran.icts.res.in/bin/windows/contrib/4.4/ggplot2_3.5.1.zip'
Content type 'application/zip' length 5011841 bytes (4.8 MB)
downloaded 4.8 MB

package ‘ggplot2’ successfully unpacked and MD5 sums checked

The downloaded binary packages are in
        C:\Users\Abhi Patel\AppData\Local\Temp\RtmpKEyuUB\downloaded_packages
> 
> 
> 
> 
> library(bnlearn)
> library(caret)
Loading required package: ggplot2
Loading required package: lattice
> library(e1071)
> 
> grades <- c("AA", "AB", "BB", "BC", "CC", "CD", "DD", "F")
> 
> course.grades <- read.table("C:/Users/Abhi Patel/Downloads/2020_bn_nb_data.txt", header=TRUE)
> 
> set.seed(100)
> 
> tIndex <- createDataPartition(course.grades$QP, p=0.7, list=FALSE)
> 
> train <- course.grades[tIndex, ]
> test <- course.grades[-tIndex, ]
> 
> nbc <- naiveBayes(QP ~ EC100 + EC160 + IT101 + IT161 + MA101 + PH100 + PH160 + HS101, data=train)
> 
> printALL <- function(model) {
+   trainPred <- predict(model, newdata = train, type = "class")
+   trainTable <- table(train$QP, trainPred)
+   trainAcc <- sum(diag(trainTable)) / sum(trainTable)
+   
+   testPred <- predict(model, newdata = test, type = "class")
+   testTable <- table(test$QP, testPred)
+   testAcc <- sum(diag(testTable)) / sum(testTable)
+ 
+   message("Accuracy")
+   print(round(cbind("Training Accuracy" = trainAcc, "Test Accuracy" = testAcc), 4))
+ }
> 
> printALL(nbc)
Accuracy
     Training Accuracy Test Accuracy
[1,]            0.9939        0.9855
> save.image("C:\\Users\\Abhi Patel\\Desktop\\Dependencies")
> 
